{
    "request": {
        "boundaryTolerance": 0.1,
        "discardNegligiblePlacements": true,
        "loops": [
            {
                "kind": "outer",
                "points": [
                    {
                        "kind": "hard",
                        "position": [
                            452.58121948242183,
                            487.5175216674804
                        ]
                    },
                    {
                        "kind": "soft",
                        "position": [
                            418.01402338434514,
                            471.09241749613363
                        ]
                    },
                    {
                        "kind": "soft",
                        "position": [
                            344.8243818057599,
                            376.3283205212765
                        ]
                    },
                    {
                        "kind": "soft",
                        "position": [
                            233.01037497923426,
                            166.7056260391539
                        ]
                    },
                    {
                        "kind": "hard",
                        "position": [
                            179.52234062074194,
                            6.999835940972844
                        ]
                    },
                    {
                        "kind": "soft",
                        "position": [
                            129.56672612736406,
                            -80.34160546814564
                        ]
                    },
                    {
                        "kind": "soft",
                        "position": [
                            11.209552734727822,
                            -239.4510082869217
                        ]
                    },
                    {
                        "kind": "hard",
                        "position": [
                            -69.03125,
                            -263.41875000000005
                        ]
                    },
                    {
                        "kind": "soft",
                        "position": [
                            -93.65623616364041,
                            -269.89356279925596
                        ]
                    },
                    {
                        "kind": "hard",
                        "position": [
                            -110.14948449287112,
                            -254.73086954320888
                        ]
                    },
                    {
                        "kind": "soft",
                        "position": [
                            -125.4596619620952,
                            -227.33354112193956
                        ]
                    },
                    {
                        "kind": "hard",
                        "position": [
                            -111.85207370283933,
                            -196.7150337996677
                        ]
                    },
                    {
                        "kind": "soft",
                        "position": [
                            -49.05984846996512,
                            -176.07407339105885
                        ]
                    },
                    {
                        "kind": "hard",
                        "position": [
                            -10.521163940429688,
                            -115.34958244411064
                        ]
                    },
                    {
                        "kind": "soft",
                        "position": [
                            8.143777176785534,
                            -83.06939054159352
                        ]
                    },
                    {
                        "kind": "hard",
                        "position": [
                            -9.574079408816488,
                            -51.332017391021736
                        ]
                    },
                    {
                        "kind": "soft",
                        "position": [
                            -33.66034800332841,
                            -33.359450677106906
                        ]
                    },
                    {
                        "kind": "hard",
                        "position": [
                            -63.312731933593795,
                            -44.364855957031295
                        ]
                    },
                    {
                        "kind": "soft",
                        "position": [
                            -124.11453714895288,
                            -82.9424967845332
                        ]
                    },
                    {
                        "kind": "hard",
                        "position": [
                            -150.65910025500602,
                            -145.85457181547486
                        ]
                    },
                    {
                        "kind": "hard",
                        "position": [
                            -167.63373418362312,
                            -133.4241111241006
                        ]
                    },
                    {
                        "kind": "soft",
                        "position": [
                            -206.11582655034022,
                            -84.2262040819362
                        ]
                    },
                    {
                        "kind": "hard",
                        "position": [
                            -212.91605039884348,
                            -22.051290595586124
                        ]
                    },
                    {
                        "kind": "soft",
                        "position": [
                            -222.69356904677852,
                            -17.16881423824043
                        ]
                    },
                    {
                        "kind": "hard",
                        "position": [
                            -223.88953106220015,
                            -29.61332293598707
                        ]
                    },
                    {
                        "kind": "soft",
                        "position": [
                            -230.26180404952584,
                            -124.63640558124916
                        ]
                    },
                    {
                        "kind": "hard",
                        "position": [
                            -162.06856689453116,
                            -184.7034790039063
                        ]
                    },
                    {
                        "kind": "soft",
                        "position": [
                            -182.33370462498942,
                            -257.4354143328628
                        ]
                    },
                    {
                        "kind": "hard",
                        "position": [
                            -121.04332806397292,
                            -293.5049147777702
                        ]
                    },
                    {
                        "kind": "soft",
                        "position": [
                            -82.27919140794006,
                            -303.8127412660024
                        ]
                    },
                    {
                        "kind": "hard",
                        "position": [
                            -44.78174591064453,
                            -291.67147064208984
                        ]
                    },
                    {
                        "kind": "soft",
                        "position": [
                            32.67794664122766,
                            -259.2501729810542
                        ]
                    },
                    {
                        "kind": "hard",
                        "position": [
                            91.03076171875,
                            -185.44584589417468
                        ]
                    },
                    {
                        "kind": "hard",
                        "position": [
                            137,
                            -124
                        ]
                    },
                    {
                        "kind": "hard",
                        "position": [
                            137.9548461914062,
                            -127.88956298828134
                        ]
                    },
                    {
                        "kind": "soft",
                        "position": [
                            115.76185745962016,
                            -200.06531936055535
                        ]
                    },
                    {
                        "kind": "hard",
                        "position": [
                            96.35101318359375,
                            -273.74658203125
                        ]
                    },
                    {
                        "kind": "soft",
                        "position": [
                            99.4874888880338,
                            -313.1022168743971
                        ]
                    },
                    {
                        "kind": "hard",
                        "position": [
                            127.2034895604902,
                            -289.2297869989661
                        ]
                    },
                    {
                        "kind": "soft",
                        "position": [
                            151.43995450299576,
                            -239.4824879614082
                        ]
                    },
                    {
                        "kind": "hard",
                        "position": [
                            183.01212121212689,
                            -191.92121212120628
                        ]
                    },
                    {
                        "kind": "soft",
                        "position": [
                            247.3893653808052,
                            -300.8027170881787
                        ]
                    },
                    {
                        "kind": "hard",
                        "position": [
                            372.85455322265625,
                            -275.6351440429687
                        ]
                    },
                    {
                        "kind": "soft",
                        "position": [
                            452.51777581486635,
                            -256.15507643437536
                        ]
                    },
                    {
                        "kind": "hard",
                        "position": [
                            515.4012098003091,
                            -193.99999999999977
                        ]
                    },
                    {
                        "kind": "soft",
                        "position": [
                            519.0717683471835,
                            -218.74402476681053
                        ]
                    },
                    {
                        "kind": "hard",
                        "position": [
                            530.2937499999998,
                            -239.4124999999999
                        ]
                    },
                    {
                        "kind": "soft",
                        "position": [
                            567.3717249784777,
                            -289.0476738945765
                        ]
                    },
                    {
                        "kind": "hard",
                        "position": [
                            623.4124999999999,
                            -265.70624999999995
                        ]
                    },
                    {
                        "kind": "soft",
                        "position": [
                            685.6335718606547,
                            -222.66567706338628
                        ]
                    },
                    {
                        "kind": "hard",
                        "position": [
                            714.9143981933594,
                            -158.26475016276027
                        ]
                    },
                    {
                        "kind": "soft",
                        "position": [
                            924.741266311963,
                            -189.3919074419323
                        ]
                    },
                    {
                        "kind": "hard",
                        "position": [
                            1083.341131210033,
                            -69.64560518303597
                        ]
                    },
                    {
                        "kind": "hard",
                        "position": [
                            1084.6210968621726,
                            -66.3792594722895
                        ]
                    },
                    {
                        "kind": "soft",
                        "position": [
                            1196.9935467631244,
                            21.914484175588996
                        ]
                    },
                    {
                        "kind": "hard",
                        "position": [
                            1264.1819905732982,
                            141.21891643390427
                        ]
                    },
                    {
                        "kind": "soft",
                        "position": [
                            1287.006655851239,
                            163.75448084875325
                        ]
                    },
                    {
                        "kind": "hard",
                        "position": [
                            1315.19580078125,
                            155.6949462890625
                        ]
                    },
                    {
                        "kind": "hard",
                        "position": [
                            1316,
                            150
                        ]
                    },
                    {
                        "kind": "soft",
                        "position": [
                            1350.1149882251912,
                            143.57218539486598
                        ]
                    },
                    {
                        "kind": "hard",
                        "position": [
                            1377.3095142965894,
                            162.33690948025924
                        ]
                    },
                    {
                        "kind": "soft",
                        "position": [
                            1390.9372448394097,
                            188.3533600099031
                        ]
                    },
                    {
                        "kind": "hard",
                        "position": [
                            1378.961186712212,
                            215.98109553262293
                        ]
                    },
                    {
                        "kind": "soft",
                        "position": [
                            1326.2105232195704,
                            278.64493299853166
                        ]
                    },
                    {
                        "kind": "hard",
                        "position": [
                            1245.89208984375,
                            275.5109320746528
                        ]
                    },
                    {
                        "kind": "soft",
                        "position": [
                            1183.4653745307432,
                            259.22430977308466
                        ]
                    },
                    {
                        "kind": "hard",
                        "position": [
                            1139.5469212582238,
                            202.54523577008933
                        ]
                    },
                    {
                        "kind": "hard",
                        "position": [
                            1136.4095298121297,
                            201.4064778982961
                        ]
                    },
                    {
                        "kind": "soft",
                        "position": [
                            1090.8573108637152,
                            118.46517394909154
                        ]
                    },
                    {
                        "kind": "hard",
                        "position": [
                            1023.8180094267036,
                            52.78108356610721
                        ]
                    },
                    {
                        "kind": "hard",
                        "position": [
                            1000.6588687899671,
                            37.64560518303608
                        ]
                    },
                    {
                        "kind": "soft",
                        "position": [
                            999.6967375045951,
                            33.106729888230234
                        ]
                    },
                    {
                        "kind": "hard",
                        "position": [
                            994.4359146118163,
                            33.51752166748042
                        ]
                    },
                    {
                        "kind": "hard",
                        "position": [
                            978.727353706041,
                            23.69693994928184
                        ]
                    },
                    {
                        "kind": "hard",
                        "position": [
                            977.3187130751994,
                            20.373995989054492
                        ]
                    },
                    {
                        "kind": "soft",
                        "position": [
                            931.2995591124773,
                            -5.80819060622639
                        ]
                    },
                    {
                        "kind": "hard",
                        "position": [
                            879.1666241464686,
                            -17.976899350065423
                        ]
                    },
                    {
                        "kind": "soft",
                        "position": [
                            872.9651610119327,
                            -14.896391320059138
                        ]
                    },
                    {
                        "kind": "hard",
                        "position": [
                            868.1005873588806,
                            -19.693766552659326
                        ]
                    },
                    {
                        "kind": "hard",
                        "position": [
                            838.9966812133789,
                            -24.402665710449128
                        ]
                    },
                    {
                        "kind": "soft",
                        "position": [
                            834.799245418103,
                            -25.635456923669835
                        ]
                    },
                    {
                        "kind": "hard",
                        "position": [
                            833.560546875,
                            -29.435546875
                        ]
                    },
                    {
                        "kind": "hard",
                        "position": [
                            830.2536132812502,
                            -31.166748046875
                        ]
                    },
                    {
                        "kind": "soft",
                        "position": [
                            828.8028250174211,
                            -45.87420787737574
                        ]
                    },
                    {
                        "kind": "hard",
                        "position": [
                            843.1683548996543,
                            -49.98886498140996
                        ]
                    },
                    {
                        "kind": "hard",
                        "position": [
                            940.63623046875,
                            -33.637451171875
                        ]
                    },
                    {
                        "kind": "soft",
                        "position": [
                            974.7994567767537,
                            -17.75659179563445
                        ]
                    },
                    {
                        "kind": "soft",
                        "position": [
                            1057.5086852311906,
                            34.92652084557369
                        ]
                    },
                    {
                        "kind": "hard",
                        "position": [
                            1094.4094859531983,
                            83.41546716899745
                        ]
                    },
                    {
                        "kind": "hard",
                        "position": [
                            1099.34433134738,
                            86.35009344383707
                        ]
                    },
                    {
                        "kind": "hard",
                        "position": [
                            1120.3828125,
                            117.3671875
                        ]
                    },
                    {
                        "kind": "hard",
                        "position": [
                            1123.669921875,
                            118.705078125
                        ]
                    },
                    {
                        "kind": "soft",
                        "position": [
                            1142.0135049594737,
                            159.2212959751581
                        ]
                    },
                    {
                        "kind": "hard",
                        "position": [
                            1176.825728546628,
                            192.93602120535638
                        ]
                    },
                    {
                        "kind": "hard",
                        "position": [
                            1191.3607829310013,
                            197.89120955804742
                        ]
                    },
                    {
                        "kind": "soft",
                        "position": [
                            1182.1220374939548,
                            189.913810943945
                        ]
                    },
                    {
                        "kind": "hard",
                        "position": [
                            1182,
                            178
                        ]
                    },
                    {
                        "kind": "soft",
                        "position": [
                            1201.3075822476735,
                            185.58864604999678
                        ]
                    },
                    {
                        "kind": "hard",
                        "position": [
                            1198,
                            168
                        ]
                    },
                    {
                        "kind": "soft",
                        "position": [
                            1207.8992786735716,
                            166.63586466732272
                        ]
                    },
                    {
                        "kind": "soft",
                        "position": [
                            1222.6613127424707,
                            172.61119244708482
                        ]
                    },
                    {
                        "kind": "hard",
                        "position": [
                            1216.2957099688715,
                            166.26663495048592
                        ]
                    },
                    {
                        "kind": "hard",
                        "position": [
                            1216,
                            156
                        ]
                    },
                    {
                        "kind": "soft",
                        "position": [
                            1235.6226119086386,
                            160.53355500584394
                        ]
                    },
                    {
                        "kind": "hard",
                        "position": [
                            1229.6714706420898,
                            148.5211639404297
                        ]
                    },
                    {
                        "kind": "soft",
                        "position": [
                            1191.671728988551,
                            84.62145961927422
                        ]
                    },
                    {
                        "kind": "hard",
                        "position": [
                            1141.6698797613844,
                            24.67503026673171
                        ]
                    },
                    {
                        "kind": "hard",
                        "position": [
                            1138.3253615790077,
                            23.316701611403573
                        ]
                    },
                    {
                        "kind": "hard",
                        "position": [
                            1131.5631508157153,
                            12.561405775286858
                        ]
                    },
                    {
                        "kind": "hard",
                        "position": [
                            1128.4415394176158,
                            11.443464006698832
                        ]
                    },
                    {
                        "kind": "soft",
                        "position": [
                            1096.050116682925,
                            -25.340467011422334
                        ]
                    },
                    {
                        "kind": "hard",
                        "position": [
                            1054.621096862173,
                            -54.379259472289505
                        ]
                    },
                    {
                        "kind": "hard",
                        "position": [
                            1053.341131210033,
                            -57.64560518303597
                        ]
                    },
                    {
                        "kind": "soft",
                        "position": [
                            928.0506267675778,
                            -149.0462003385237
                        ]
                    },
                    {
                        "kind": "hard",
                        "position": [
                            763.50146484375,
                            -139.50624302455344
                        ]
                    },
                    {
                        "kind": "hard",
                        "position": [
                            728.564453125,
                            -131.560546875
                        ]
                    },
                    {
                        "kind": "hard",
                        "position": [
                            728.0451538085936,
                            -129.4069580078126
                        ]
                    },
                    {
                        "kind": "soft",
                        "position": [
                            745.8506237846286,
                            -85.87794528389168
                        ]
                    },
                    {
                        "kind": "hard",
                        "position": [
                            741.50048828125,
                            -37.20849609375
                        ]
                    },
                    {
                        "kind": "soft",
                        "position": [
                            718.5498112123346,
                            21.413870373225222
                        ]
                    },
                    {
                        "kind": "hard",
                        "position": [
                            650.90625,
                            15.415865384615472
                        ]
                    },
                    {
                        "kind": "soft",
                        "position": [
                            599.0030231888245,
                            2.626908069995011
                        ]
                    },
                    {
                        "kind": "hard",
                        "position": [
                            563.6059692382814,
                            -45.397920638795995
                        ]
                    },
                    {
                        "kind": "hard",
                        "position": [
                            560.4095298121297,
                            -46.59352210170391
                        ]
                    },
                    {
                        "kind": "soft",
                        "position": [
                            529.7123477527925,
                            -91.23973267886595
                        ]
                    },
                    {
                        "kind": "hard",
                        "position": [
                            515.1946685791017,
                            -141.78426443481158
                        ]
                    },
                    {
                        "kind": "soft",
                        "position": [
                            459.71471717937175,
                            -211.6303900650173
                        ]
                    },
                    {
                        "kind": "soft",
                        "position": [
                            289.30608338495585,
                            -261.40066731179013
                        ]
                    },
                    {
                        "kind": "hard",
                        "position": [
                            238.0816406250001,
                            -186.79912109375005
                        ]
                    },
                    {
                        "kind": "soft",
                        "position": [
                            351.92520454409714,
                            -156.5084339797611
                        ]
                    },
                    {
                        "kind": "hard",
                        "position": [
                            435.2079956054688,
                            -57.22130413365949
                        ]
                    },
                    {
                        "kind": "soft",
                        "position": [
                            456.6145353771153,
                            -29.70085908454189
                        ]
                    },
                    {
                        "kind": "hard",
                        "position": [
                            467.70624999999995,
                            1.1749999999999545
                        ]
                    },
                    {
                        "kind": "soft",
                        "position": [
                            477.1591717242143,
                            50.36635061772472
                        ]
                    },
                    {
                        "kind": "hard",
                        "position": [
                            429.97998046875,
                            57.99527994791663
                        ]
                    },
                    {
                        "kind": "soft",
                        "position": [
                            411.0912869480385,
                            56.65234435170976
                        ]
                    },
                    {
                        "kind": "soft",
                        "position": [
                            332.43524843938826,
                            17.01064979641069
                        ]
                    },
                    {
                        "kind": "hard",
                        "position": [
                            276.6676862258528,
                            -36.3345231550054
                        ]
                    },
                    {
                        "kind": "hard",
                        "position": [
                            275.39780801029497,
                            -39.60606195685591
                        ]
                    },
                    {
                        "kind": "soft",
                        "position": [
                            247.89448178918633,
                            -63.09510499936914
                        ]
                    },
                    {
                        "kind": "hard",
                        "position": [
                            225.61111753191108,
                            -91.39154273636768
                        ]
                    },
                    {
                        "kind": "hard",
                        "position": [
                            222.38816020731292,
                            -92.60937270261275
                        ]
                    },
                    {
                        "kind": "hard",
                        "position": [
                            182.2757019042906,
                            -139.70939025878897
                        ]
                    },
                    {
                        "kind": "soft",
                        "position": [
                            207.8555276796435,
                            -48.30728039650512
                        ]
                    },
                    {
                        "kind": "hard",
                        "position": [
                            240.989834659787,
                            39.89114309363549
                        ]
                    },
                    {
                        "kind": "soft",
                        "position": [
                            284.31173970111604,
                            79.22093769403307
                        ]
                    },
                    {
                        "kind": "hard",
                        "position": [
                            322.3872586570492,
                            125.38947728634582
                        ]
                    },
                    {
                        "kind": "hard",
                        "position": [
                            325.6666552017873,
                            126.6696239059487
                        ]
                    },
                    {
                        "kind": "soft",
                        "position": [
                            446.6776585646239,
                            254.46818878327315
                        ]
                    },
                    {
                        "kind": "hard",
                        "position": [
                            505.70624999999995,
                            402.88125
                        ]
                    },
                    {
                        "kind": "soft",
                        "position": [
                            514.1397204211571,
                            430.2090128766047
                        ]
                    },
                    {
                        "kind": "hard",
                        "position": [
                            509.6351440429687,
                            458.85455322265625
                        ]
                    },
                    {
                        "kind": "soft",
                        "position": [
                            495.0375070437508,
                            498.16354767274845
                        ]
                    }
                ]
            },
            {
                "kind": "cutout",
                "points": [
                    {
                        "kind": "hard",
                        "position": [
                            444.3648559570313,
                            353.36330552103016
                        ]
                    },
                    {
                        "kind": "hard",
                        "position": [
                            443.3724971648062,
                            348.6772205056193
                        ]
                    },
                    {
                        "kind": "soft",
                        "position": [
                            372.148250514359,
                            217.03730736582565
                        ]
                    },
                    {
                        "kind": "hard",
                        "position": [
                            262.1775362318806,
                            100.54270186335543
                        ]
                    },
                    {
                        "kind": "soft",
                        "position": [
                            320.1686807587232,
                            252.4240821717376
                        ]
                    },
                    {
                        "kind": "hard",
                        "position": [
                            416.8812499999999,
                            393.61599455679584
                        ]
                    },
                    {
                        "kind": "soft",
                        "position": [
                            438.156696868215,
                            421.1360978669451
                        ]
                    },
                    {
                        "kind": "hard",
                        "position": [
                            464.45817871093755,
                            443.6351440429687
                        ]
                    },
                    {
                        "kind": "hard",
                        "position": [
                            474,
                            446
                        ]
                    },
                    {
                        "kind": "soft",
                        "position": [
                            468.28689514228313,
                            394.9620189531448
                        ]
                    }
                ]
            },
            {
                "kind": "cutout",
                "points": [
                    {
                        "kind": "hard",
                        "position": [
                            681.4064778982965,
                            -148.40952981212968
                        ]
                    },
                    {
                        "kind": "hard",
                        "position": [
                            681.9795898437501,
                            -150.4017578124999
                        ]
                    },
                    {
                        "kind": "soft",
                        "position": [
                            665.3638395443336,
                            -184.7670918939334
                        ]
                    },
                    {
                        "kind": "soft",
                        "position": [
                            621.9086615412789,
                            -231.38968660924252
                        ]
                    },
                    {
                        "kind": "soft",
                        "position": [
                            588.8466618810512,
                            -239.82836599944972
                        ]
                    },
                    {
                        "kind": "soft",
                        "position": [
                            560.9886639882925,
                            -200.71344908964488
                        ]
                    },
                    {
                        "kind": "soft",
                        "position": [
                            574.3349136985353,
                            -111.29238209000346
                        ]
                    },
                    {
                        "kind": "hard",
                        "position": [
                            606.8176000845306,
                            -68.2696084005047
                        ]
                    },
                    {
                        "kind": "hard",
                        "position": [
                            609.4858805338545,
                            -68.5982666015625
                        ]
                    },
                    {
                        "kind": "soft",
                        "position": [
                            623.5432362083184,
                            -125.53770779964543
                        ]
                    }
                ]
            },
            {
                "kind": "cutout",
                "points": [
                    {
                        "kind": "hard",
                        "position": [
                            273.4588688876038,
                            -127.30121437763796
                        ]
                    },
                    {
                        "kind": "hard",
                        "position": [
                            268.63669447896973,
                            -128.3648559570313
                        ]
                    },
                    {
                        "kind": "soft",
                        "position": [
                            239.68837885763764,
                            -143.7167964661826
                        ]
                    },
                    {
                        "kind": "hard",
                        "position": [
                            208.2593464423128,
                            -153.4671808366502
                        ]
                    },
                    {
                        "kind": "soft",
                        "position": [
                            301.1937664790237,
                            -38.824904411590296
                        ]
                    },
                    {
                        "kind": "hard",
                        "position": [
                            422.8837890625,
                            19.82861328125
                        ]
                    },
                    {
                        "kind": "soft",
                        "position": [
                            425.6286672056906,
                            20.636670909379063
                        ]
                    },
                    {
                        "kind": "soft",
                        "position": [
                            418.0666924011216,
                            -3.997786794918966
                        ]
                    },
                    {
                        "kind": "soft",
                        "position": [
                            345.01241312617776,
                            -89.09680744982734
                        ]
                    }
                ]
            },
            {
                "kind": "cutout",
                "points": [
                    {
                        "kind": "hard",
                        "position": [
                            1340.2812496837887,
                            214.81819290323062
                        ]
                    },
                    {
                        "kind": "soft",
                        "position": [
                            1351.034951756003,
                            198.9663175886525
                        ]
                    },
                    {
                        "kind": "hard",
                        "position": [
                            1344.2126071620924,
                            179.0542510023531
                        ]
                    },
                    {
                        "kind": "soft",
                        "position": [
                            1335.1093038067625,
                            175.30929840562408
                        ]
                    },
                    {
                        "kind": "hard",
                        "position": [
                            1324.80810546875,
                            176.21832275390625
                        ]
                    },
                    {
                        "kind": "soft",
                        "position": [
                            1301.316244092346,
                            187.84702579391364
                        ]
                    },
                    {
                        "kind": "hard",
                        "position": [
                            1272.8024196006181,
                            186
                        ]
                    },
                    {
                        "kind": "soft",
                        "position": [
                            1257.3199522047898,
                            173.66024392467193
                        ]
                    },
                    {
                        "kind": "hard",
                        "position": [
                            1237.9712448120117,
                            170.0609359741211
                        ]
                    },
                    {
                        "kind": "hard",
                        "position": [
                            1236.0051879882812,
                            171.10186767578125
                        ]
                    },
                    {
                        "kind": "hard",
                        "position": [
                            1238.3926363858309,
                            175.35772705078125
                        ]
                    },
                    {
                        "kind": "soft",
                        "position": [
                            1247.9854040176374,
                            179.05744363462566
                        ]
                    },
                    {
                        "kind": "hard",
                        "position": [
                            1246,
                            190
                        ]
                    },
                    {
                        "kind": "soft",
                        "position": [
                            1234.0401691635848,
                            191.0136370844183
                        ]
                    },
                    {
                        "kind": "hard",
                        "position": [
                            1224.5808339530536,
                            186.15366239065008
                        ]
                    },
                    {
                        "kind": "soft",
                        "position": [
                            1230.6766645444695,
                            192.63352101202088
                        ]
                    },
                    {
                        "kind": "hard",
                        "position": [
                            1230,
                            202
                        ]
                    },
                    {
                        "kind": "soft",
                        "position": [
                            1216.5270612529948,
                            202.23024887717634
                        ]
                    },
                    {
                        "kind": "hard",
                        "position": [
                            1206.406577245536,
                            196.32913180072285
                        ]
                    },
                    {
                        "kind": "soft",
                        "position": [
                            1213.2407102322773,
                            204.68832042207544
                        ]
                    },
                    {
                        "kind": "hard",
                        "position": [
                            1212,
                            216
                        ]
                    },
                    {
                        "kind": "soft",
                        "position": [
                            1205.4584657564042,
                            217.50642538601016
                        ]
                    },
                    {
                        "kind": "hard",
                        "position": [
                            1200.9739471253893,
                            214.02051467895512
                        ]
                    },
                    {
                        "kind": "hard",
                        "position": [
                            1200.3999193267173,
                            215.00309443966717
                        ]
                    },
                    {
                        "kind": "soft",
                        "position": [
                            1268.6160512104152,
                            269.507892035955
                        ]
                    }
                ]
            },
            {
                "kind": "cutout",
                "points": [
                    {
                        "kind": "hard",
                        "position": [
                            696,
                            -23
                        ]
                    },
                    {
                        "kind": "hard",
                        "position": [
                            700.8212719740441,
                            -25.7358229444028
                        ]
                    },
                    {
                        "kind": "soft",
                        "position": [
                            710.0914230042972,
                            -39.75497357516838
                        ]
                    },
                    {
                        "kind": "soft",
                        "position": [
                            706.9251408301889,
                            -90.67055755877163
                        ]
                    },
                    {
                        "kind": "hard",
                        "position": [
                            695,
                            -120
                        ]
                    },
                    {
                        "kind": "soft",
                        "position": [
                            652.7422425055702,
                            -101.14547676510097
                        ]
                    },
                    {
                        "kind": "hard",
                        "position": [
                            646.0048217773438,
                            -57.14111328125
                        ]
                    },
                    {
                        "kind": "soft",
                        "position": [
                            653.9348489010804,
                            -16.36924501456224
                        ]
                    }
                ]
            },
            {
                "kind": "cutout",
                "points": [
                    {
                        "kind": "hard",
                        "position": [
                            -97.19301144704795,
                            -159.14689481722615
                        ]
                    },
                    {
                        "kind": "soft",
                        "position": [
                            -76.75783631944932,
                            -114.00607477652193
                        ]
                    },
                    {
                        "kind": "hard",
                        "position": [
                            -37.687086715478245,
                            -82.10732585567621
                        ]
                    },
                    {
                        "kind": "soft",
                        "position": [
                            -32.51901080470611,
                            -87.5019235751829
                        ]
                    },
                    {
                        "kind": "soft",
                        "position": [
                            -57.902732609217125,
                            -135.39245568916215
                        ]
                    }
                ]
            },
            {
                "kind": "cutout",
                "points": [
                    {
                        "kind": "hard",
                        "position": [
                            140,
                            -121
                        ]
                    },
                    {
                        "kind": "soft",
                        "position": [
                            139.9124999999999,
                            -121.91249999999991
                        ]
                    },
                    {
                        "kind": "soft",
                        "position": [
                            138.0875000000001,
                            -121.91249999999991
                        ]
                    },
                    {
                        "kind": "soft",
                        "position": [
                            138.0875000000001,
                            -120.08750000000009
                        ]
                    },
                    {
                        "kind": "soft",
                        "position": [
                            139.9124999999999,
                            -120.08750000000009
                        ]
                    }
                ]
            }
        ],
        "strategy": "compact-bucket"
    },
    "result": {
        "cancelled": true,
        "coveredArea": 0,
        "error": "",
        "outsideArea": 0,
        "placements": [
        ],
        "residualArea": 210184.7019650495,
        "retainedAfterError": false,
        "shapeCount": 0,
        "shapeLimit": 0,
        "targetArea": 210184.7019650495,
        "timedOut": false
    }
}
